
   FAIL  Tests\Feature\BusinessTest
  Γ¿» businessΓÇª  0.36s  
  Γ¿» businessΓÇª  0.02s  
  Γ¿» businessΓÇª  0.02s  
  Γ¿» index disΓÇª 0.03s  
  Γ£ô index redΓÇª 0.24s  
  Γ£ô create paΓÇª 0.11s  
  Γ¿» store creΓÇª 1.08s  
  Γ¿» update moΓÇª 0.02s  
  Γ¿» switch chΓÇª 0.02s  
  Γ¿» cannot swΓÇª 0.02s  
  ΓöÇΓöÇΓöÇΓöÇΓöÇΓöÇΓöÇΓöÇΓöÇΓöÇΓöÇΓöÇΓöÇΓöÇΓöÇΓöÇΓöÇΓöÇ  
  ΓÇª  QueryException   
  SQLSTATE[HY000]: General error: 1 near ""code"": syntax error (Connection: sqlite, SQL: select exists(select * from "businesses" where 1 "code" = AC) as "exists")

  at vendor\laravel\framework\src\Illuminate\Database\Connection.php:406
    402Γûò             // For select statements, we'll simply execute the query and return an array
    403Γûò             // of the database result set. Each element in the array will be a single
    404Γûò             // row from the database table, and will either be an array or objects.
    405Γûò             $statement = $this->prepared(
  Γ₧£ 406Γûò                 $this->getPdoForSelect($useReadPdo)->prepare($query)
    407Γûò             );
    408Γûò 
    409Γûò             $this->bindValues($statement, $this->prepareBindings($bindings));
    410Γûò

  1   vendor\laravel\framework\src\Illuminate\Database\Connection.php:406
  2   vendor\laravel\framework\src\Illuminate\Database\Connection.php:813

  ΓöÇΓöÇΓöÇΓöÇΓöÇΓöÇΓöÇΓöÇΓöÇΓöÇΓöÇΓöÇΓöÇΓöÇΓöÇΓöÇΓöÇΓöÇ  
  ΓÇª  QueryException   
  SQLSTATE[HY000]: General error: 1 near ""code"": syntax error (Connection: sqlite, SQL: select exists(select * from "businesses" where 1 "code" = FB) as "exists")

  at vendor\laravel\framework\src\Illuminate\Database\Connection.php:406
    402Γûò             // For select statements, we'll simply execute the query and return an array
    403Γûò             // of the database result set. Each element in the array will be a single
    404Γûò             // row from the database table, and will either be an array or objects.
    405Γûò             $statement = $this->prepared(
  Γ₧£ 406Γûò                 $this->getPdoForSelect($useReadPdo)->prepare($query)
    407Γûò             );
    408Γûò 
    409Γûò             $this->bindValues($statement, $this->prepareBindings($bindings));
    410Γûò

  1   vendor\laravel\framework\src\Illuminate\Database\Connection.php:406
  2   vendor\laravel\framework\src\Illuminate\Database\Connection.php:813

  ΓöÇΓöÇΓöÇΓöÇΓöÇΓöÇΓöÇΓöÇΓöÇΓöÇΓöÇΓöÇΓöÇΓöÇΓöÇΓöÇΓöÇΓöÇ  
  ΓÇª  QueryException   
  SQLSTATE[HY000]: General error: 1 near ""code"": syntax error (Connection: sqlite, SQL: select exists(select * from "businesses" where 1 "code" = AC) as "exists")

  at vendor\laravel\framework\src\Illuminate\Database\Connection.php:406
    402Γûò             // For select statements, we'll simply execute the query and return an array
    403Γûò             // of the database result set. Each element in the array will be a single
    404Γûò             // row from the database table, and will either be an array or objects.
    405Γûò             $statement = $this->prepared(
  Γ₧£ 406Γûò                 $this->getPdoForSelect($useReadPdo)->prepare($query)
    407Γûò             );
    408Γûò 
    409Γûò             $this->bindValues($statement, $this->prepareBindings($bindings));
    410Γûò

  1   vendor\laravel\framework\src\Illuminate\Database\Connection.php:406
  2   vendor\laravel\framework\src\Illuminate\Database\Connection.php:813

  ΓöÇΓöÇΓöÇΓöÇΓöÇΓöÇΓöÇΓöÇΓöÇΓöÇΓöÇΓöÇΓöÇΓöÇΓöÇΓöÇΓöÇΓöÇ  
  ΓÇª  QueryException   
  SQLSTATE[HY000]: General error: 1 near ""code"": syntax error (Connection: sqlite, SQL: select exists(select * from "businesses" where 1 "code" = MB) as "exists")

  at vendor\laravel\framework\src\Illuminate\Database\Connection.php:406
    402Γûò             // For select statements, we'll simply execute the query and return an array
    403Γûò             // of the database result set. Each element in the array will be a single
    404Γûò             // row from the database table, and will either be an array or objects.
    405Γûò             $statement = $this->prepared(
  Γ₧£ 406Γûò                 $this->getPdoForSelect($useReadPdo)->prepare($query)
    407Γûò             );
    408Γûò 
    409Γûò             $this->bindValues($statement, $this->prepareBindings($bindings));
    410Γûò

  1   vendor\laravel\framework\src\Illuminate\Database\Connection.php:406
  2   vendor\laravel\framework\src\Illuminate\Database\Connection.php:813

  ΓöÇΓöÇΓöÇΓöÇΓöÇΓöÇΓöÇΓöÇΓöÇΓöÇΓöÇΓöÇΓöÇΓöÇΓöÇΓöÇΓöÇΓöÇ  
   FAILED  Tests\FΓÇª   
  Expected response status code [201, 301, 302, 303, 307, 308] but received 500.
Failed asserting that false is true.

The following exception occurred during the last request:

PDOException: SQLSTATE[HY000]: General error: 1 near ""code"": syntax error in C:\Users\shaik\Herd\manager\vendor\laravel\framework\src\Illuminate\Database\Connection.php:406
Stack trace:
#0 C:\Users\shaik\Herd\manager\vendor\laravel\framework\src\Illuminate\Database\Connection.php(406): PDO->prepare('select exists(s...')
#1 C:\Users\shaik\Herd\manager\vendor\laravel\framework\src\Illuminate\Database\Connection.php(813): Illuminate\Database\Connection->{closure:Illuminate\Database\Connection::select():397}('select exists(s...', Array)
#2 C:\Users\shaik\Herd\manager\vendor\laravel\framework\src\Illuminate\Database\Connection.php(780): Illuminate\Database\Connection->runQueryCallback('select exists(s...', Array, Object(Closure))
#3 C:\Users\shaik\Herd\manager\vendor\laravel\framework\src\Illuminate\Database\Connection.php(397): Illuminate\Database\Connection->run('select exists(s...', Array, Object(Closure))
#4 C:\Users\shaik\Herd\manager\vendor\laravel\framework\src\Illuminate\Database\Query\Builder.php(3561): Illuminate\Database\Connection->select('select exists(s...', Array, true)
#5 C:\Users\shaik\Herd\manager\vendor\laravel\framework\src\Illuminate\Database\Eloquent\Builder.php(2235): Illuminate\Database\Query\Builder->exists()
#6 C:\Users\shaik\Herd\manager\app\Models\Business.php(80): Illuminate\Database\Eloquent\Builder->__call('exists', Array)
#7 C:\Users\shaik\Herd\manager\app\Models\Business.php(94): App\Models\Business::generateUniqueCode('New Business')
#8 C:\Users\shaik\Herd\manager\vendor\laravel\framework\src\Illuminate\Events\Dispatcher.php(488): App\Models\Business::{closure:App\Models\Business::booted():92}(Object(App\Models\Business))
#9 C:\Users\shaik\Herd\manager\vendor\laravel\framework\src\Illuminate\Events\Dispatcher.php(315): Illuminate\Events\Dispatcher->{closure:Illuminate\Events\Dispatcher::makeListener():483}('eloquent.creati...', Array)
#10 C:\Users\shaik\Herd\manager\vendor\laravel\framework\src\Illuminate\Events\Dispatcher.php(295): Illuminate\Events\Dispatcher->invokeListeners('eloquent.creati...', Array, true)
#11 C:\Users\shaik\Herd\manager\vendor\laravel\framework\src\Illuminate\Events\Dispatcher.php(255): Illuminate\Events\Dispatcher->dispatch('eloquent.creati...', Object(App\Models\Business), true)
#12 C:\Users\shaik\Herd\manager\vendor\laravel\framework\src\Illuminate\Database\Eloquent\Concerns\HasEvents.php(224): Illuminate\Events\Dispatcher->until('eloquent.creati...', Object(App\Models\Business))
#13 C:\Users\shaik\Herd\manager\vendor\laravel\framework\src\Illuminate\Database\Eloquent\Model.php(1384): Illuminate\Database\Eloquent\Model->fireModelEvent('creating')
#14 C:\Users\shaik\Herd\manager\vendor\laravel\framework\src\Illuminate\Database\Eloquent\Model.php(1240): Illuminate\Database\Eloquent\Model->performInsert(Object(Illuminate\Database\Eloquent\Builder))
#15 C:\Users\shaik\Herd\manager\vendor\laravel\framework\src\Illuminate\Database\Eloquent\Relations\HasOneOrMany.php(373): Illuminate\Database\Eloquent\Model->save()
#16 C:\Users\shaik\Herd\manager\vendor\laravel\framework\src\Illuminate\Support\helpers.php(390): Illuminate\Database\Eloquent\Relations\HasOneOrMany->{closure:Illuminate\Database\Eloquent\Relations\HasOneOrMany::create():370}(Object(App\Models\Business))
#17 C:\Users\shaik\Herd\manager\vendor\laravel\framework\src\Illuminate\Database\Eloquent\Relations\HasOneOrMany.php(370): tap(Object(App\Models\Business), Object(Closure))
#18 C:\Users\shaik\Herd\manager\app\Http\Controllers\BusinessController.php(51): Illuminate\Database\Eloquent\Relations\HasOneOrMany->create(Array)
#19 C:\Users\shaik\Herd\manager\vendor\laravel\framework\src\Illuminate\Routing\ControllerDispatcher.php(46): App\Http\Controllers\BusinessController->store(Object(App\Http\Requests\Business\BusinessCreateRequest))
#20 C:\Users\shaik\Herd\manager\vendor\laravel\framework\src\Illuminate\Routing\Route.php(265): Illuminate\Routing\ControllerDispatcher->dispatch(Object(Illuminate\Routing\Route), Object(App\Http\Controllers\BusinessController), 'store')
#21 C:\Users\shaik\Herd\manager\vendor\laravel\framework\src\Illuminate\Routing\Route.php(211): Illuminate\Routing\Route->runController()
#22 C:\Users\shaik\Herd\manager\vendor\laravel\framework\src\Illuminate\Routing\Router.php(822): Illuminate\Routing\Route->run()
#23 C:\Users\shaik\Herd\manager\vendor\laravel\framework\src\Illuminate\Pipeline\Pipeline.php(180): Illuminate\Routing\Router->{closure:Illuminate\Routing\Router::runRouteWithinStack():821}(Object(Illuminate\Http\Request))
#24 C:\Users\shaik\Herd\manager\vendor\laravel\framework\src\Illuminate\Auth\Middleware\EnsureEmailIsVerified.php(41): Illuminate\Pipeline\Pipeline->{closure:Illuminate\Pipeline\Pipeline::prepareDestination():178}(Object(Illuminate\Http\Request))
#25 C:\Users\shaik\Herd\manager\vendor\laravel\framework\src\Illuminate\Pipeline\Pipeline.php(219): Illuminate\Auth\Middleware\EnsureEmailIsVerified->handle(Object(Illuminate\Http\Request), Object(Closure))
#26 C:\Users\shaik\Herd\manager\app\Http\Middleware\SetDefaultBusinessContext.php(25): Illuminate\Pipeline\Pipeline->{closure:{closure:Illuminate\Pipeline\Pipeline::carry():194}:195}(Object(Illuminate\Http\Request))
#27 C:\Users\shaik\Herd\manager\vendor\laravel\framework\src\Illuminate\Pipeline\Pipeline.php(219): App\Http\Middleware\SetDefaultBusinessContext->handle(Object(Illuminate\Http\Request), Object(Closure))
#28 C:\Users\shaik\Herd\manager\vendor\laravel\framework\src\Illuminate\Http\Middleware\AddLinkHeadersForPreloadedAssets.php(32): Illuminate\Pipeline\Pipeline->{closure:{closure:Illuminate\Pipeline\Pipeline::carry():194}:195}(Object(Illuminate\Http\Request))
#29 C:\Users\shaik\Herd\manager\vendor\laravel\framework\src\Illuminate\Pipeline\Pipeline.php(219): Illuminate\Http\Middleware\AddLinkHeadersForPreloadedAssets->handle(Object(Illuminate\Http\Request), Object(Closure))
#30 C:\Users\shaik\Herd\manager\vendor\inertiajs\inertia-laravel\src\Middleware.php(122): Illuminate\Pipeline\Pipeline->{closure:{closure:Illuminate\Pipeline\Pipeline::carry():194}:195}(Object(Illuminate\Http\Request))
#31 C:\Users\shaik\Herd\manager\vendor\laravel\framework\src\Illuminate\Pipeline\Pipeline.php(219): Inertia\Middleware->handle(Object(Illuminate\Http\Request), Object(Closure))
#32 C:\Users\shaik\Herd\manager\app\Http\Middleware\HandleAppearance.php(21): Illuminate\Pipeline\Pipeline->{closure:{closure:Illuminate\Pipeline\Pipeline::carry():194}:195}(Object(Illuminate\Http\Request))
#33 C:\Users\shaik\Herd\manager\vendor\laravel\framework\src\Illuminate\Pipeline\Pipeline.php(219): App\Http\Middleware\HandleAppearance->handle(Object(Illuminate\Http\Request), Object(Closure))
#34 C:\Users\shaik\Herd\manager\vendor\laravel\framework\src\Illuminate\Routing\Middleware\SubstituteBindings.php(50): Illuminate\Pipeline\Pipeline->{closure:{closure:Illuminate\Pipeline\Pipeline::carry():194}:195}(Object(Illuminate\Http\Request))
#35 C:\Users\shaik\Herd\manager\vendor\laravel\framework\src\Illuminate\Pipeline\Pipeline.php(219): Illuminate\Routing\Middleware\SubstituteBindings->handle(Object(Illuminate\Http\Request), Object(Closure))
#36 C:\Users\shaik\Herd\manager\vendor\laravel\framework\src\Illuminate\Auth\Middleware\Authenticate.php(63): Illuminate\Pipeline\Pipeline->{closure:{closure:Illuminate\Pipeline\Pipeline::carry():194}:195}(Object(Illuminate\Http\Request))
#37 C:\Users\shaik\Herd\manager\vendor\laravel\framework\src\Illuminate\Pipeline\Pipeline.php(219): Illuminate\Auth\Middleware\Authenticate->handle(Object(Illuminate\Http\Request), Object(Closure))
#38 C:\Users\shaik\Herd\manager\vendor\laravel\framework\src\Illuminate\Foundation\Http\Middleware\VerifyCsrfToken.php(87): Illuminate\Pipeline\Pipeline->{closure:{closure:Illuminate\Pipeline\Pipeline::carry():194}:195}(Object(Illuminate\Http\Request))
#39 C:\Users\shaik\Herd\manager\vendor\laravel\framework\src\Illuminate\Pipeline\Pipeline.php(219): Illuminate\Foundation\Http\Middleware\VerifyCsrfToken->handle(Object(Illuminate\Http\Request), Object(Closure))
#40 C:\Users\shaik\Herd\manager\vendor\laravel\framework\src\Illuminate\View\Middleware\ShareErrorsFromSession.php(48): Illuminate\Pipeline\Pipeline->{closure:{closure:Illuminate\Pipeline\Pipeline::carry():194}:195}(Object(Illuminate\Http\Request))
#41 C:\Users\shaik\Herd\manager\vendor\laravel\framework\src\Illuminate\Pipeline\Pipeline.php(219): Illuminate\View\Middleware\ShareErrorsFromSession->handle(Object(Illuminate\Http\Request), Object(Closure))
#42 C:\Users\shaik\Herd\manager\vendor\laravel\framework\src\Illuminate\Session\Middleware\StartSession.php(120): Illuminate\Pipeline\Pipeline->{closure:{closure:Illuminate\Pipeline\Pipeline::carry():194}:195}(Object(Illuminate\Http\Request))
#43 C:\Users\shaik\Herd\manager\vendor\laravel\framework\src\Illuminate\Session\Middleware\StartSession.php(63): Illuminate\Session\Middleware\StartSession->handleStatefulRequest(Object(Illuminate\Http\Request), Object(Illuminate\Session\Store), Object(Closure))
#44 C:\Users\shaik\Herd\manager\vendor\laravel\framework\src\Illuminate\Pipeline\Pipeline.php(219): Illuminate\Session\Middleware\StartSession->handle(Object(Illuminate\Http\Request), Object(Closure))
#45 C:\Users\shaik\Herd\manager\vendor\laravel\framework\src\Illuminate\Cookie\Middleware\AddQueuedCookiesToResponse.php(36): Illuminate\Pipeline\Pipeline->{closure:{closure:Illuminate\Pipeline\Pipeline::carry():194}:195}(Object(Illuminate\Http\Request))
#46 C:\Users\shaik\Herd\manager\vendor\laravel\framework\src\Illuminate\Pipeline\Pipeline.php(219): Illuminate\Cookie\Middleware\AddQueuedCookiesToResponse->handle(Object(Illuminate\Http\Request), Object(Closure))
#47 C:\Users\shaik\Herd\manager\vendor\laravel\framework\src\Illuminate\Cookie\Middleware\EncryptCookies.php(74): Illuminate\Pipeline\Pipeline->{closure:{closure:Illuminate\Pipeline\Pipeline::carry():194}:195}(Object(Illuminate\Http\Request))
#48 C:\Users\shaik\Herd\manager\vendor\laravel\framework\src\Illuminate\Pipeline\Pipeline.php(219): Illuminate\Cookie\Middleware\EncryptCookies->handle(Object(Illuminate\Http\Request), Object(Closure))
#49 C:\Users\shaik\Herd\manager\vendor\laravel\framework\src\Illuminate\Pipeline\Pipeline.php(137): Illuminate\Pipeline\Pipeline->{closure:{closure:Illuminate\Pipeline\Pipeline::carry():194}:195}(Object(Illuminate\Http\Request))
#50 C:\Users\shaik\Herd\manager\vendor\laravel\framework\src\Illuminate\Routing\Router.php(821): Illuminate\Pipeline\Pipeline->then(Object(Closure))
#51 C:\Users\shaik\Herd\manager\vendor\laravel\framework\src\Illuminate\Routing\Router.php(800): Illuminate\Routing\Router->runRouteWithinStack(Object(Illuminate\Routing\Route), Object(Illuminate\Http\Request))
#52 C:\Users\shaik\Herd\manager\vendor\laravel\framework\src\Illuminate\Routing\Router.php(764): Illuminate\Routing\Router->runRoute(Object(Illuminate\Http\Request), Object(Illuminate\Routing\Route))
#53 C:\Users\shaik\Herd\manager\vendor\laravel\framework\src\Illuminate\Routing\Router.php(753): Illuminate\Routing\Router->dispatchToRoute(Object(Illuminate\Http\Request))
#54 C:\Users\shaik\Herd\manager\vendor\laravel\framework\src\Illuminate\Foundation\Http\Kernel.php(200): Illuminate\Routing\Router->dispatch(Object(Illuminate\Http\Request))
#55 C:\Users\shaik\Herd\manager\vendor\laravel\framework\src\Illuminate\Pipeline\Pipeline.php(180): Illuminate\Foundation\Http\Kernel->{closure:Illuminate\Foundation\Http\Kernel::dispatchToRouter():197}(Object(Illuminate\Http\Request))
#56 C:\Users\shaik\Herd\manager\vendor\laravel\framework\src\Illuminate\Foundation\Http\Middleware\TransformsRequest.php(21): Illuminate\Pipeline\Pipeline->{closure:Illuminate\Pipeline\Pipeline::prepareDestination():178}(Object(Illuminate\Http\Request))
#57 C:\Users\shaik\Herd\manager\vendor\laravel\framework\src\Illuminate\Foundation\Http\Middleware\ConvertEmptyStringsToNull.php(31): Illuminate\Foundation\Http\Middleware\TransformsRequest->handle(Object(Illuminate\Http\Request), Object(Closure))
#58 C:\Users\shaik\Herd\manager\vendor\laravel\framework\src\Illuminate\Pipeline\Pipeline.php(219): Illuminate\Foundation\Http\Middleware\ConvertEmptyStringsToNull->handle(Object(Illuminate\Http\Request), Object(Closure))
#59 C:\Users\shaik\Herd\manager\vendor\laravel\framework\src\Illuminate\Foundation\Http\Middleware\TransformsRequest.php(21): Illuminate\Pipeline\Pipeline->{closure:{closure:Illuminate\Pipeline\Pipeline::carry():194}:195}(Object(Illuminate\Http\Request))
#60 C:\Users\shaik\Herd\manager\vendor\laravel\framework\src\Illuminate\Foundation\Http\Middleware\TrimStrings.php(51): Illuminate\Foundation\Http\Middleware\TransformsRequest->handle(Object(Illuminate\Http\Request), Object(Closure))
#61 C:\Users\shaik\Herd\manager\vendor\laravel\framework\src\Illuminate\Pipeline\Pipeline.php(219): Illuminate\Foundation\Http\Middleware\TrimStrings->handle(Object(Illuminate\Http\Request), Object(Closure))
#62 C:\Users\shaik\Herd\manager\vendor\laravel\framework\src\Illuminate\Http\Middleware\ValidatePostSize.php(27): Illuminate\Pipeline\Pipeline->{closure:{closure:Illuminate\Pipeline\Pipeline::carry():194}:195}(Object(Illuminate\Http\Request))
#63 C:\Users\shaik\Herd\manager\vendor\laravel\framework\src\Illuminate\Pipeline\Pipeline.php(219): Illuminate\Http\Middleware\ValidatePostSize->handle(Object(Illuminate\Http\Request), Object(Closure))
#64 C:\Users\shaik\Herd\manager\vendor\laravel\framework\src\Illuminate\Foundation\Http\Middleware\PreventRequestsDuringMaintenance.php(109): Illuminate\Pipeline\Pipeline->{closure:{closure:Illuminate\Pipeline\Pipeline::carry():194}:195}(Object(Illuminate\Http\Request))
#65 C:\Users\shaik\Herd\manager\vendor\laravel\framework\src\Illuminate\Pipeline\Pipeline.php(219): Illuminate\Foundation\Http\Middleware\PreventRequestsDuringMaintenance->handle(Object(Illuminate\Http\Request), Object(Closure))
#66 C:\Users\shaik\Herd\manager\vendor\laravel\framework\src\Illuminate\Http\Middleware\HandleCors.php(48): Illuminate\Pipeline\Pipeline->{closure:{closure:Illuminate\Pipeline\Pipeline::carry():194}:195}(Object(Illuminate\Http\Request))
#67 C:\Users\shaik\Herd\manager\vendor\laravel\framework\src\Illuminate\Pipeline\Pipeline.php(219): Illuminate\Http\Middleware\HandleCors->handle(Object(Illuminate\Http\Request), Object(Closure))
#68 C:\Users\shaik\Herd\manager\vendor\laravel\framework\src\Illuminate\Http\Middleware\TrustProxies.php(58): Illuminate\Pipeline\Pipeline->{closure:{closure:Illuminate\Pipeline\Pipeline::carry():194}:195}(Object(Illuminate\Http\Request))
#69 C:\Users\shaik\Herd\manager\vendor\laravel\framework\src\Illuminate\Pipeline\Pipeline.php(219): Illuminate\Http\Middleware\TrustProxies->handle(Object(Illuminate\Http\Request), Object(Closure))
#70 C:\Users\shaik\Herd\manager\vendor\laravel\framework\src\Illuminate\Foundation\Http\Middleware\InvokeDeferredCallbacks.php(22): Illuminate\Pipeline\Pipeline->{closure:{closure:Illuminate\Pipeline\Pipeline::carry():194}:195}(Object(Illuminate\Http\Request))
#71 C:\Users\shaik\Herd\manager\vendor\laravel\framework\src\Illuminate\Pipeline\Pipeline.php(219): Illuminate\Foundation\Http\Middleware\InvokeDeferredCallbacks->handle(Object(Illuminate\Http\Request), Object(Closure))
#72 C:\Users\shaik\Herd\manager\vendor\laravel\framework\src\Illuminate\Http\Middleware\ValidatePathEncoding.php(26): Illuminate\Pipeline\Pipeline->{closure:{closure:Illuminate\Pipeline\Pipeline::carry():194}:195}(Object(Illuminate\Http\Request))
#73 C:\Users\shaik\Herd\manager\vendor\laravel\framework\src\Illuminate\Pipeline\Pipeline.php(219): Illuminate\Http\Middleware\ValidatePathEncoding->handle(Object(Illuminate\Http\Request), Object(Closure))
#74 C:\Users\shaik\Herd\manager\vendor\laravel\framework\src\Illuminate\Pipeline\Pipeline.php(137): Illuminate\Pipeline\Pipeline->{closure:{closure:Illuminate\Pipeline\Pipeline::carry():194}:195}(Object(Illuminate\Http\Request))
#75 C:\Users\shaik\Herd\manager\vendor\laravel\framework\src\Illuminate\Foundation\Http\Kernel.php(175): Illuminate\Pipeline\Pipeline->then(Object(Closure))
#76 C:\Users\shaik\Herd\manager\vendor\laravel\framework\src\Illuminate\Foundation\Http\Kernel.php(144): Illuminate\Foundation\Http\Kernel->sendRequestThroughRouter(Object(Illuminate\Http\Request))
#77 C:\Users\shaik\Herd\manager\vendor\laravel\framework\src\Illuminate\Foundation\Testing\Concerns\MakesHttpRequests.php(607): Illuminate\Foundation\Http\Kernel->handle(Object(Illuminate\Http\Request))
#78 C:\Users\shaik\Herd\manager\vendor\laravel\framework\src\Illuminate\Foundation\Testing\Concerns\MakesHttpRequests.php(397): Illuminate\Foundation\Testing\TestCase->call('POST', 'http://manager....', Array, Array, Array, Array)
#79 C:\Users\shaik\Herd\manager\tests\Feature\BusinessTest.php(112): Illuminate\Foundation\Testing\TestCase->post('http://manager....', Array)
#80 C:\Users\shaik\Herd\manager\vendor\pestphp\pest\src\Factories\TestCaseMethodFactory.php(168): P\Tests\Feature\BusinessTest->{closure:C:\Users\shaik\Herd\manager\tests\Feature\BusinessTest.php:109}()
#81 [internal function]: P\Tests\Feature\BusinessTest->{closure:Pest\Factories\TestCaseMethodFactory::getClosure():158}()
#82 C:\Users\shaik\Herd\manager\vendor\pestphp\pest\src\Concerns\Testable.php(429): call_user_func_array(Object(Closure), Array)
#83 C:\Users\shaik\Herd\manager\vendor\pestphp\pest\src\Support\ExceptionTrace.php(26): P\Tests\Feature\BusinessTest->{closure:Pest\Concerns\Testable::__callClosure():429}()
#84 C:\Users\shaik\Herd\manager\vendor\pestphp\pest\src\Concerns\Testable.php(429): Pest\Support\ExceptionTrace::ensure(Object(Closure))
#85 C:\Users\shaik\Herd\manager\vendor\pestphp\pest\src\Concerns\Testable.php(331): P\Tests\Feature\BusinessTest->__callClosure(Object(Closure), Array)
#86 C:\Users\shaik\Herd\manager\vendor\pestphp\pest\src\Factories\TestCaseFactory.php(169) : eval()'d code(71): P\Tests\Feature\BusinessTest->__runTest(Object(Closure))
#87 C:\Users\shaik\Herd\manager\vendor\phpunit\phpunit\src\Framework\TestCase.php(1326): P\Tests\Feature\BusinessTest->__pest_evaluable_store_creates_new_business()
#88 C:\Users\shaik\Herd\manager\vendor\phpunit\phpunit\src\Framework\TestCase.php(519): PHPUnit\Framework\TestCase->runTest()
#89 C:\Users\shaik\Herd\manager\vendor\phpunit\phpunit\src\Framework\TestRunner\TestRunner.php(99): PHPUnit\Framework\TestCase->runBare()
#90 C:\Users\shaik\Herd\manager\vendor\phpunit\phpunit\src\Framework\TestCase.php(359): PHPUnit\Framework\TestRunner->run(Object(P\Tests\Feature\BusinessTest))
#91 C:\Users\shaik\Herd\manager\vendor\phpunit\phpunit\src\Framework\TestSuite.php(374): PHPUnit\Framework\TestCase->run()
#92 C:\Users\shaik\Herd\manager\vendor\phpunit\phpunit\src\TextUI\TestRunner.php(64): PHPUnit\Framework\TestSuite->run()
#93 C:\Users\shaik\Herd\manager\vendor\phpunit\phpunit\src\TextUI\Application.php(229): PHPUnit\TextUI\TestRunner->run(Object(PHPUnit\TextUI\Configuration\Configuration), Object(PHPUnit\Runner\ResultCache\DefaultResultCache), Object(PHPUnit\Framework\TestSuite))
#94 C:\Users\shaik\Herd\manager\vendor\pestphp\pest\src\Kernel.php(103): PHPUnit\TextUI\Application->run(Array)
#95 C:\Users\shaik\Herd\manager\vendor\pestphp\pest\bin\pest(184): Pest\Kernel->handle(Array, Array)
#96 C:\Users\shaik\Herd\manager\vendor\pestphp\pest\bin\pest(192): {closure:C:\Users\shaik\Herd\manager\vendor\pestphp\pest\bin\pest:18}()
#97 {main}

Next Illuminate\Database\QueryException: SQLSTATE[HY000]: General error: 1 near ""code"": syntax error (Connection: sqlite, SQL: select exists(select * from "businesses" where 1 "code" = NB) as "exists") in C:\Users\shaik\Herd\manager\vendor\laravel\framework\src\Illuminate\Database\Connection.php:826
Stack trace:
#0 C:\Users\shaik\Herd\manager\vendor\laravel\framework\src\Illuminate\Database\Connection.php(780): Illuminate\Database\Connection->runQueryCallback('select exists(s...', Array, Object(Closure))
#1 C:\Users\shaik\Herd\manager\vendor\laravel\framework\src\Illuminate\Database\Connection.php(397): Illuminate\Database\Connection->run('select exists(s...', Array, Object(Closure))
#2 C:\Users\shaik\Herd\manager\vendor\laravel\framework\src\Illuminate\Database\Query\Builder.php(3561): Illuminate\Database\Connection->select('select exists(s...', Array, true)
#3 C:\Users\shaik\Herd\manager\vendor\laravel\framework\src\Illuminate\Database\Eloquent\Builder.php(2235): Illuminate\Database\Query\Builder->exists()
#4 C:\Users\shaik\Herd\manager\app\Models\Business.php(80): Illuminate\Database\Eloquent\Builder->__call('exists', Array)
#5 C:\Users\shaik\Herd\manager\app\Models\Business.php(94): App\Models\Business::generateUniqueCode('New Business')
#6 C:\Users\shaik\Herd\manager\vendor\laravel\framework\src\Illuminate\Events\Dispatcher.php(488): App\Models\Business::{closure:App\Models\Business::booted():92}(Object(App\Models\Business))
#7 C:\Users\shaik\Herd\manager\vendor\laravel\framework\src\Illuminate\Events\Dispatcher.php(315): Illuminate\Events\Dispatcher->{closure:Illuminate\Events\Dispatcher::makeListener():483}('eloquent.creati...', Array)
#8 C:\Users\shaik\Herd\manager\vendor\laravel\framework\src\Illuminate\Events\Dispatcher.php(295): Illuminate\Events\Dispatcher->invokeListeners('eloquent.creati...', Array, true)
#9 C:\Users\shaik\Herd\manager\vendor\laravel\framework\src\Illuminate\Events\Dispatcher.php(255): Illuminate\Events\Dispatcher->dispatch('eloquent.creati...', Object(App\Models\Business), true)
#10 C:\Users\shaik\Herd\manager\vendor\laravel\framework\src\Illuminate\Database\Eloquent\Concerns\HasEvents.php(224): Illuminate\Events\Dispatcher->until('eloquent.creati...', Object(App\Models\Business))
#11 C:\Users\shaik\Herd\manager\vendor\laravel\framework\src\Illuminate\Database\Eloquent\Model.php(1384): Illuminate\Database\Eloquent\Model->fireModelEvent('creating')
#12 C:\Users\shaik\Herd\manager\vendor\laravel\framework\src\Illuminate\Database\Eloquent\Model.php(1240): Illuminate\Database\Eloquent\Model->performInsert(Object(Illuminate\Database\Eloquent\Builder))
#13 C:\Users\shaik\Herd\manager\vendor\laravel\framework\src\Illuminate\Database\Eloquent\Relations\HasOneOrMany.php(373): Illuminate\Database\Eloquent\Model->save()
#14 C:\Users\shaik\Herd\manager\vendor\laravel\framework\src\Illuminate\Support\helpers.php(390): Illuminate\Database\Eloquent\Relations\HasOneOrMany->{closure:Illuminate\Database\Eloquent\Relations\HasOneOrMany::create():370}(Object(App\Models\Business))
#15 C:\Users\shaik\Herd\manager\vendor\laravel\framework\src\Illuminate\Database\Eloquent\Relations\HasOneOrMany.php(370): tap(Object(App\Models\Business), Object(Closure))
#16 C:\Users\shaik\Herd\manager\app\Http\Controllers\BusinessController.php(51): Illuminate\Database\Eloquent\Relations\HasOneOrMany->create(Array)
#17 C:\Users\shaik\Herd\manager\vendor\laravel\framework\src\Illuminate\Routing\ControllerDispatcher.php(46): App\Http\Controllers\BusinessController->store(Object(App\Http\Requests\Business\BusinessCreateRequest))
#18 C:\Users\shaik\Herd\manager\vendor\laravel\framework\src\Illuminate\Routing\Route.php(265): Illuminate\Routing\ControllerDispatcher->dispatch(Object(Illuminate\Routing\Route), Object(App\Http\Controllers\BusinessController), 'store')
#19 C:\Users\shaik\Herd\manager\vendor\laravel\framework\src\Illuminate\Routing\Route.php(211): Illuminate\Routing\Route->runController()
#20 C:\Users\shaik\Herd\manager\vendor\laravel\framework\src\Illuminate\Routing\Router.php(822): Illuminate\Routing\Route->run()
#21 C:\Users\shaik\Herd\manager\vendor\laravel\framework\src\Illuminate\Pipeline\Pipeline.php(180): Illuminate\Routing\Router->{closure:Illuminate\Routing\Router::runRouteWithinStack():821}(Object(Illuminate\Http\Request))
#22 C:\Users\shaik\Herd\manager\vendor\laravel\framework\src\Illuminate\Auth\Middleware\EnsureEmailIsVerified.php(41): Illuminate\Pipeline\Pipeline->{closure:Illuminate\Pipeline\Pipeline::prepareDestination():178}(Object(Illuminate\Http\Request))
#23 C:\Users\shaik\Herd\manager\vendor\laravel\framework\src\Illuminate\Pipeline\Pipeline.php(219): Illuminate\Auth\Middleware\EnsureEmailIsVerified->handle(Object(Illuminate\Http\Request), Object(Closure))
#24 C:\Users\shaik\Herd\manager\app\Http\Middleware\SetDefaultBusinessContext.php(25): Illuminate\Pipeline\Pipeline->{closure:{closure:Illuminate\Pipeline\Pipeline::carry():194}:195}(Object(Illuminate\Http\Request))
#25 C:\Users\shaik\Herd\manager\vendor\laravel\framework\src\Illuminate\Pipeline\Pipeline.php(219): App\Http\Middleware\SetDefaultBusinessContext->handle(Object(Illuminate\Http\Request), Object(Closure))
#26 C:\Users\shaik\Herd\manager\vendor\laravel\framework\src\Illuminate\Http\Middleware\AddLinkHeadersForPreloadedAssets.php(32): Illuminate\Pipeline\Pipeline->{closure:{closure:Illuminate\Pipeline\Pipeline::carry():194}:195}(Object(Illuminate\Http\Request))
#27 C:\Users\shaik\Herd\manager\vendor\laravel\framework\src\Illuminate\Pipeline\Pipeline.php(219): Illuminate\Http\Middleware\AddLinkHeadersForPreloadedAssets->handle(Object(Illuminate\Http\Request), Object(Closure))
#28 C:\Users\shaik\Herd\manager\vendor\inertiajs\inertia-laravel\src\Middleware.php(122): Illuminate\Pipeline\Pipeline->{closure:{closure:Illuminate\Pipeline\Pipeline::carry():194}:195}(Object(Illuminate\Http\Request))
#29 C:\Users\shaik\Herd\manager\vendor\laravel\framework\src\Illuminate\Pipeline\Pipeline.php(219): Inertia\Middleware->handle(Object(Illuminate\Http\Request), Object(Closure))
#30 C:\Users\shaik\Herd\manager\app\Http\Middleware\HandleAppearance.php(21): Illuminate\Pipeline\Pipeline->{closure:{closure:Illuminate\Pipeline\Pipeline::carry():194}:195}(Object(Illuminate\Http\Request))
#31 C:\Users\shaik\Herd\manager\vendor\laravel\framework\src\Illuminate\Pipeline\Pipeline.php(219): App\Http\Middleware\HandleAppearance->handle(Object(Illuminate\Http\Request), Object(Closure))
#32 C:\Users\shaik\Herd\manager\vendor\laravel\framework\src\Illuminate\Routing\Middleware\SubstituteBindings.php(50): Illuminate\Pipeline\Pipeline->{closure:{closure:Illuminate\Pipeline\Pipeline::carry():194}:195}(Object(Illuminate\Http\Request))
#33 C:\Users\shaik\Herd\manager\vendor\laravel\framework\src\Illuminate\Pipeline\Pipeline.php(219): Illuminate\Routing\Middleware\SubstituteBindings->handle(Object(Illuminate\Http\Request), Object(Closure))
#34 C:\Users\shaik\Herd\manager\vendor\laravel\framework\src\Illuminate\Auth\Middleware\Authenticate.php(63): Illuminate\Pipeline\Pipeline->{closure:{closure:Illuminate\Pipeline\Pipeline::carry():194}:195}(Object(Illuminate\Http\Request))
#35 C:\Users\shaik\Herd\manager\vendor\laravel\framework\src\Illuminate\Pipeline\Pipeline.php(219): Illuminate\Auth\Middleware\Authenticate->handle(Object(Illuminate\Http\Request), Object(Closure))
#36 C:\Users\shaik\Herd\manager\vendor\laravel\framework\src\Illuminate\Foundation\Http\Middleware\VerifyCsrfToken.php(87): Illuminate\Pipeline\Pipeline->{closure:{closure:Illuminate\Pipeline\Pipeline::carry():194}:195}(Object(Illuminate\Http\Request))
#37 C:\Users\shaik\Herd\manager\vendor\laravel\framework\src\Illuminate\Pipeline\Pipeline.php(219): Illuminate\Foundation\Http\Middleware\VerifyCsrfToken->handle(Object(Illuminate\Http\Request), Object(Closure))
#38 C:\Users\shaik\Herd\manager\vendor\laravel\framework\src\Illuminate\View\Middleware\ShareErrorsFromSession.php(48): Illuminate\Pipeline\Pipeline->{closure:{closure:Illuminate\Pipeline\Pipeline::carry():194}:195}(Object(Illuminate\Http\Request))
#39 C:\Users\shaik\Herd\manager\vendor\laravel\framework\src\Illuminate\Pipeline\Pipeline.php(219): Illuminate\View\Middleware\ShareErrorsFromSession->handle(Object(Illuminate\Http\Request), Object(Closure))
#40 C:\Users\shaik\Herd\manager\vendor\laravel\framework\src\Illuminate\Session\Middleware\StartSession.php(120): Illuminate\Pipeline\Pipeline->{closure:{closure:Illuminate\Pipeline\Pipeline::carry():194}:195}(Object(Illuminate\Http\Request))
#41 C:\Users\shaik\Herd\manager\vendor\laravel\framework\src\Illuminate\Session\Middleware\StartSession.php(63): Illuminate\Session\Middleware\StartSession->handleStatefulRequest(Object(Illuminate\Http\Request), Object(Illuminate\Session\Store), Object(Closure))
#42 C:\Users\shaik\Herd\manager\vendor\laravel\framework\src\Illuminate\Pipeline\Pipeline.php(219): Illuminate\Session\Middleware\StartSession->handle(Object(Illuminate\Http\Request), Object(Closure))
#43 C:\Users\shaik\Herd\manager\vendor\laravel\framework\src\Illuminate\Cookie\Middleware\AddQueuedCookiesToResponse.php(36): Illuminate\Pipeline\Pipeline->{closure:{closure:Illuminate\Pipeline\Pipeline::carry():194}:195}(Object(Illuminate\Http\Request))
#44 C:\Users\shaik\Herd\manager\vendor\laravel\framework\src\Illuminate\Pipeline\Pipeline.php(219): Illuminate\Cookie\Middleware\AddQueuedCookiesToResponse->handle(Object(Illuminate\Http\Request), Object(Closure))
#45 C:\Users\shaik\Herd\manager\vendor\laravel\framework\src\Illuminate\Cookie\Middleware\EncryptCookies.php(74): Illuminate\Pipeline\Pipeline->{closure:{closure:Illuminate\Pipeline\Pipeline::carry():194}:195}(Object(Illuminate\Http\Request))
#46 C:\Users\shaik\Herd\manager\vendor\laravel\framework\src\Illuminate\Pipeline\Pipeline.php(219): Illuminate\Cookie\Middleware\EncryptCookies->handle(Object(Illuminate\Http\Request), Object(Closure))
#47 C:\Users\shaik\Herd\manager\vendor\laravel\framework\src\Illuminate\Pipeline\Pipeline.php(137): Illuminate\Pipeline\Pipeline->{closure:{closure:Illuminate\Pipeline\Pipeline::carry():194}:195}(Object(Illuminate\Http\Request))
#48 C:\Users\shaik\Herd\manager\vendor\laravel\framework\src\Illuminate\Routing\Router.php(821): Illuminate\Pipeline\Pipeline->then(Object(Closure))
#49 C:\Users\shaik\Herd\manager\vendor\laravel\framework\src\Illuminate\Routing\Router.php(800): Illuminate\Routing\Router->runRouteWithinStack(Object(Illuminate\Routing\Route), Object(Illuminate\Http\Request))
#50 C:\Users\shaik\Herd\manager\vendor\laravel\framework\src\Illuminate\Routing\Router.php(764): Illuminate\Routing\Router->runRoute(Object(Illuminate\Http\Request), Object(Illuminate\Routing\Route))
#51 C:\Users\shaik\Herd\manager\vendor\laravel\framework\src\Illuminate\Routing\Router.php(753): Illuminate\Routing\Router->dispatchToRoute(Object(Illuminate\Http\Request))
#52 C:\Users\shaik\Herd\manager\vendor\laravel\framework\src\Illuminate\Foundation\Http\Kernel.php(200): Illuminate\Routing\Router->dispatch(Object(Illuminate\Http\Request))
#53 C:\Users\shaik\Herd\manager\vendor\laravel\framework\src\Illuminate\Pipeline\Pipeline.php(180): Illuminate\Foundation\Http\Kernel->{closure:Illuminate\Foundation\Http\Kernel::dispatchToRouter():197}(Object(Illuminate\Http\Request))
#54 C:\Users\shaik\Herd\manager\vendor\laravel\framework\src\Illuminate\Foundation\Http\Middleware\TransformsRequest.php(21): Illuminate\Pipeline\Pipeline->{closure:Illuminate\Pipeline\Pipeline::prepareDestination():178}(Object(Illuminate\Http\Request))
#55 C:\Users\shaik\Herd\manager\vendor\laravel\framework\src\Illuminate\Foundation\Http\Middleware\ConvertEmptyStringsToNull.php(31): Illuminate\Foundation\Http\Middleware\TransformsRequest->handle(Object(Illuminate\Http\Request), Object(Closure))
#56 C:\Users\shaik\Herd\manager\vendor\laravel\framework\src\Illuminate\Pipeline\Pipeline.php(219): Illuminate\Foundation\Http\Middleware\ConvertEmptyStringsToNull->handle(Object(Illuminate\Http\Request), Object(Closure))
#57 C:\Users\shaik\Herd\manager\vendor\laravel\framework\src\Illuminate\Foundation\Http\Middleware\TransformsRequest.php(21): Illuminate\Pipeline\Pipeline->{closure:{closure:Illuminate\Pipeline\Pipeline::carry():194}:195}(Object(Illuminate\Http\Request))
#58 C:\Users\shaik\Herd\manager\vendor\laravel\framework\src\Illuminate\Foundation\Http\Middleware\TrimStrings.php(51): Illuminate\Foundation\Http\Middleware\TransformsRequest->handle(Object(Illuminate\Http\Request), Object(Closure))
#59 C:\Users\shaik\Herd\manager\vendor\laravel\framework\src\Illuminate\Pipeline\Pipeline.php(219): Illuminate\Foundation\Http\Middleware\TrimStrings->handle(Object(Illuminate\Http\Request), Object(Closure))
#60 C:\Users\shaik\Herd\manager\vendor\laravel\framework\src\Illuminate\Http\Middleware\ValidatePostSize.php(27): Illuminate\Pipeline\Pipeline->{closure:{closure:Illuminate\Pipeline\Pipeline::carry():194}:195}(Object(Illuminate\Http\Request))
#61 C:\Users\shaik\Herd\manager\vendor\laravel\framework\src\Illuminate\Pipeline\Pipeline.php(219): Illuminate\Http\Middleware\ValidatePostSize->handle(Object(Illuminate\Http\Request), Object(Closure))
#62 C:\Users\shaik\Herd\manager\vendor\laravel\framework\src\Illuminate\Foundation\Http\Middleware\PreventRequestsDuringMaintenance.php(109): Illuminate\Pipeline\Pipeline->{closure:{closure:Illuminate\Pipeline\Pipeline::carry():194}:195}(Object(Illuminate\Http\Request))
#63 C:\Users\shaik\Herd\manager\vendor\laravel\framework\src\Illuminate\Pipeline\Pipeline.php(219): Illuminate\Foundation\Http\Middleware\PreventRequestsDuringMaintenance->handle(Object(Illuminate\Http\Request), Object(Closure))
#64 C:\Users\shaik\Herd\manager\vendor\laravel\framework\src\Illuminate\Http\Middleware\HandleCors.php(48): Illuminate\Pipeline\Pipeline->{closure:{closure:Illuminate\Pipeline\Pipeline::carry():194}:195}(Object(Illuminate\Http\Request))
#65 C:\Users\shaik\Herd\manager\vendor\laravel\framework\src\Illuminate\Pipeline\Pipeline.php(219): Illuminate\Http\Middleware\HandleCors->handle(Object(Illuminate\Http\Request), Object(Closure))
#66 C:\Users\shaik\Herd\manager\vendor\laravel\framework\src\Illuminate\Http\Middleware\TrustProxies.php(58): Illuminate\Pipeline\Pipeline->{closure:{closure:Illuminate\Pipeline\Pipeline::carry():194}:195}(Object(Illuminate\Http\Request))
#67 C:\Users\shaik\Herd\manager\vendor\laravel\framework\src\Illuminate\Pipeline\Pipeline.php(219): Illuminate\Http\Middleware\TrustProxies->handle(Object(Illuminate\Http\Request), Object(Closure))
#68 C:\Users\shaik\Herd\manager\vendor\laravel\framework\src\Illuminate\Foundation\Http\Middleware\InvokeDeferredCallbacks.php(22): Illuminate\Pipeline\Pipeline->{closure:{closure:Illuminate\Pipeline\Pipeline::carry():194}:195}(Object(Illuminate\Http\Request))
#69 C:\Users\shaik\Herd\manager\vendor\laravel\framework\src\Illuminate\Pipeline\Pipeline.php(219): Illuminate\Foundation\Http\Middleware\InvokeDeferredCallbacks->handle(Object(Illuminate\Http\Request), Object(Closure))
#70 C:\Users\shaik\Herd\manager\vendor\laravel\framework\src\Illuminate\Http\Middleware\ValidatePathEncoding.php(26): Illuminate\Pipeline\Pipeline->{closure:{closure:Illuminate\Pipeline\Pipeline::carry():194}:195}(Object(Illuminate\Http\Request))
#71 C:\Users\shaik\Herd\manager\vendor\laravel\framework\src\Illuminate\Pipeline\Pipeline.php(219): Illuminate\Http\Middleware\ValidatePathEncoding->handle(Object(Illuminate\Http\Request), Object(Closure))
#72 C:\Users\shaik\Herd\manager\vendor\laravel\framework\src\Illuminate\Pipeline\Pipeline.php(137): Illuminate\Pipeline\Pipeline->{closure:{closure:Illuminate\Pipeline\Pipeline::carry():194}:195}(Object(Illuminate\Http\Request))
#73 C:\Users\shaik\Herd\manager\vendor\laravel\framework\src\Illuminate\Foundation\Http\Kernel.php(175): Illuminate\Pipeline\Pipeline->then(Object(Closure))
#74 C:\Users\shaik\Herd\manager\vendor\laravel\framework\src\Illuminate\Foundation\Http\Kernel.php(144): Illuminate\Foundation\Http\Kernel->sendRequestThroughRouter(Object(Illuminate\Http\Request))
#75 C:\Users\shaik\Herd\manager\vendor\laravel\framework\src\Illuminate\Foundation\Testing\Concerns\MakesHttpRequests.php(607): Illuminate\Foundation\Http\Kernel->handle(Object(Illuminate\Http\Request))
#76 C:\Users\shaik\Herd\manager\vendor\laravel\framework\src\Illuminate\Foundation\Testing\Concerns\MakesHttpRequests.php(397): Illuminate\Foundation\Testing\TestCase->call('POST', 'http://manager....', Array, Array, Array, Array)
#77 C:\Users\shaik\Herd\manager\tests\Feature\BusinessTest.php(112): Illuminate\Foundation\Testing\TestCase->post('http://manager....', Array)
#78 C:\Users\shaik\Herd\manager\vendor\pestphp\pest\src\Factories\TestCaseMethodFactory.php(168): P\Tests\Feature\BusinessTest->{closure:C:\Users\shaik\Herd\manager\tests\Feature\BusinessTest.php:109}()
#79 [internal function]: P\Tests\Feature\BusinessTest->{closure:Pest\Factories\TestCaseMethodFactory::getClosure():158}()
#80 C:\Users\shaik\Herd\manager\vendor\pestphp\pest\src\Concerns\Testable.php(429): call_user_func_array(Object(Closure), Array)
#81 C:\Users\shaik\Herd\manager\vendor\pestphp\pest\src\Support\ExceptionTrace.php(26): P\Tests\Feature\BusinessTest->{closure:Pest\Concerns\Testable::__callClosure():429}()
#82 C:\Users\shaik\Herd\manager\vendor\pestphp\pest\src\Concerns\Testable.php(429): Pest\Support\ExceptionTrace::ensure(Object(Closure))
#83 C:\Users\shaik\Herd\manager\vendor\pestphp\pest\src\Concerns\Testable.php(331): P\Tests\Feature\BusinessTest->__callClosure(Object(Closure), Array)
#84 C:\Users\shaik\Herd\manager\vendor\pestphp\pest\src\Factories\TestCaseFactory.php(169) : eval()'d code(71): P\Tests\Feature\BusinessTest->__runTest(Object(Closure))
#85 C:\Users\shaik\Herd\manager\vendor\phpunit\phpunit\src\Framework\TestCase.php(1326): P\Tests\Feature\BusinessTest->__pest_evaluable_store_creates_new_business()
#86 C:\Users\shaik\Herd\manager\vendor\phpunit\phpunit\src\Framework\TestCase.php(519): PHPUnit\Framework\TestCase->runTest()
#87 C:\Users\shaik\Herd\manager\vendor\phpunit\phpunit\src\Framework\TestRunner\TestRunner.php(99): PHPUnit\Framework\TestCase->runBare()
#88 C:\Users\shaik\Herd\manager\vendor\phpunit\phpunit\src\Framework\TestCase.php(359): PHPUnit\Framework\TestRunner->run(Object(P\Tests\Feature\BusinessTest))
#89 C:\Users\shaik\Herd\manager\vendor\phpunit\phpunit\src\Framework\TestSuite.php(374): PHPUnit\Framework\TestCase->run()
#90 C:\Users\shaik\Herd\manager\vendor\phpunit\phpunit\src\TextUI\TestRunner.php(64): PHPUnit\Framework\TestSuite->run()
#91 C:\Users\shaik\Herd\manager\vendor\phpunit\phpunit\src\TextUI\Application.php(229): PHPUnit\TextUI\TestRunner->run(Object(PHPUnit\TextUI\Configuration\Configuration), Object(PHPUnit\Runner\ResultCache\DefaultResultCache), Object(PHPUnit\Framework\TestSuite))
#92 C:\Users\shaik\Herd\manager\vendor\pestphp\pest\src\Kernel.php(103): PHPUnit\TextUI\Application->run(Array)
#93 C:\Users\shaik\Herd\manager\vendor\pestphp\pest\bin\pest(184): Pest\Kernel->handle(Array, Array)
#94 C:\Users\shaik\Herd\manager\vendor\pestphp\pest\bin\pest(192): {closure:C:\Users\shaik\Herd\manager\vendor\pestphp\pest\bin\pest:18}()
#95 {main}

----------------------------------------------------------------------------------

SQLSTATE[HY000]: General error: 1 near ""code"": syntax error (Connection: sqlite, SQL: select exists(select * from "businesses" where 1 "code" = NB) as "exists")

  at tests\Feature\BusinessTest.php:118
    114Γûò         'country_id' => $this->country->id,
    115Γûò         'currency_id' => $this->currency->id,
    116Γûò     ]);
    117Γûò 
  Γ₧£ 118Γûò     $response->assertRedirect(route('business.index'));
    119Γûò     
    120Γûò     $this->assertDatabaseHas('businesses', [
    121Γûò         'name' => 'New Business',
    122Γûò         'user_id' => $this->user->id,

  ΓöÇΓöÇΓöÇΓöÇΓöÇΓöÇΓöÇΓöÇΓöÇΓöÇΓöÇΓöÇΓöÇΓöÇΓöÇΓöÇΓöÇΓöÇ  
  ΓÇª  QueryException   
  SQLSTATE[HY000]: General error: 1 near ""code"": syntax error (Connection: sqlite, SQL: select exists(select * from "businesses" where 1 "code" = ON) as "exists")

  at vendor\laravel\framework\src\Illuminate\Database\Connection.php:406
    402Γûò             // For select statements, we'll simply execute the query and return an array
    403Γûò             // of the database result set. Each element in the array will be a single
    404Γûò             // row from the database table, and will either be an array or objects.
    405Γûò             $statement = $this->prepared(
  Γ₧£ 406Γûò                 $this->getPdoForSelect($useReadPdo)->prepare($query)
    407Γûò             );
    408Γûò 
    409Γûò             $this->bindValues($statement, $this->prepareBindings($bindings));
    410Γûò

  1   vendor\laravel\framework\src\Illuminate\Database\Connection.php:406
  2   vendor\laravel\framework\src\Illuminate\Database\Connection.php:813

  ΓöÇΓöÇΓöÇΓöÇΓöÇΓöÇΓöÇΓöÇΓöÇΓöÇΓöÇΓöÇΓöÇΓöÇΓöÇΓöÇΓöÇΓöÇ  
  ΓÇª  QueryException   
  SQLSTATE[HY000]: General error: 1 near ""code"": syntax error (Connection: sqlite, SQL: select exists(select * from "businesses" where 1 "code" = MB) as "exists")

  at vendor\laravel\framework\src\Illuminate\Database\Connection.php:406
    402Γûò             // For select statements, we'll simply execute the query and return an array
    403Γûò             // of the database result set. Each element in the array will be a single
    404Γûò             // row from the database table, and will either be an array or objects.
    405Γûò             $statement = $this->prepared(
  Γ₧£ 406Γûò                 $this->getPdoForSelect($useReadPdo)->prepare($query)
    407Γûò             );
    408Γûò 
    409Γûò             $this->bindValues($statement, $this->prepareBindings($bindings));
    410Γûò

  1   vendor\laravel\framework\src\Illuminate\Database\Connection.php:406
  2   vendor\laravel\framework\src\Illuminate\Database\Connection.php:813

  ΓöÇΓöÇΓöÇΓöÇΓöÇΓöÇΓöÇΓöÇΓöÇΓöÇΓöÇΓöÇΓöÇΓöÇΓöÇΓöÇΓöÇΓöÇ  
  ΓÇª  QueryException   
  SQLSTATE[HY000]: General error: 1 near ""code"": syntax error (Connection: sqlite, SQL: select exists(select * from "businesses" where 1 "code" = OB) as "exists")

  at vendor\laravel\framework\src\Illuminate\Database\Connection.php:406
    402Γûò             // For select statements, we'll simply execute the query and return an array
    403Γûò             // of the database result set. Each element in the array will be a single
    404Γûò             // row from the database table, and will either be an array or objects.
    405Γûò             $statement = $this->prepared(
  Γ₧£ 406Γûò                 $this->getPdoForSelect($useReadPdo)->prepare($query)
    407Γûò             );
    408Γûò 
    409Γûò             $this->bindValues($statement, $this->prepareBindings($bindings));
    410Γûò

  1   vendor\laravel\framework\src\Illuminate\Database\Connection.php:406
  2   vendor\laravel\framework\src\Illuminate\Database\Connection.php:813


  Tests:    8 failed, 2 passed (15 assertions)
  Duration: 2.11s

